{
  "version": "1.4.0",
  "custom_plugins_dir": null,
  "custom_plugins": [],
  "filters": {
    "allowlist": {
      "files": null,
      "lines": null
    },
    "blocklist": {
      "files": [
        "^(forgepay/infra/contracts/node_modules|crates/|.*\\.lock)",
        "^forgepay/.*(build|dist|__pycache__|\\.venv)/"
      ],
      "lines": null
    }
  },
  "results": {},
  "generated_at": "2026-05-05T00:00:00Z"
}
